// Jest Snapshot v1, https://goo.gl/fbAQLP

exports[`renders correctly 1`] = `
<div
  className="privacy-policy undefined"
>
  <span>
    PrivacyPolicy
  </span>
</div>
`;
