// Jest Snapshot v1, https://goo.gl/fbAQLP

exports[`renders Container correctly 1`] = `
<div
  className="container "
/>
`;

exports[`renders correctly 1`] = `
<div
  className="container "
/>
`;
