// Jest Snapshot v1, https://goo.gl/fbAQLP

exports[`renders correctly 1`] = `
<div
  className="container "
>
  <div
    className="error-component"
  >
    <div
      className="error-title"
    >
      Something went wrong
    </div>
    <div
      className="error-message"
    >
      Let's try later
    </div>
  </div>
</div>
`;
