// Jest Snapshot v1, https://goo.gl/fbAQLP

exports[`RecipeLatest component should render component with default props 1`] = `<div />`;
